---
http_interactions:
- request:
    method: get
    uri: https://api.contentful.com/spaces/y3a9myzsdjan/environments/tmp-seed-data
    body:
      encoding: US-ASCII
      string: ''
    headers:
      X-Contentful-User-Agent:
      - sdk contentful-management.rb/2.6.0; platform ruby/2.4.3; os macOS/18;
      Authorization:
      - Bearer CFPAT-0d84f2b13a99c57711ba91ea31f308ff9436238effb99977fbc0e486c1c88a64
      Content-Type:
      - application/vnd.contentful.management.v1+json
      Connection:
      - close
      Host:
      - api.contentful.com
      User-Agent:
      - http.rb/2.2.2
  response:
    status:
      code: 200
      message: OK
    headers:
      Accept-Ranges:
      - bytes
      Access-Control-Allow-Headers:
      - Accept,Accept-Language,Authorization,Cache-Control,Content-Length,Content-Range,Content-Type,DNT,Destination,Expires,If-Match,If-Modified-Since,If-None-Match,Keep-Alive,Last-Modified,Origin,Pragma,Range,User-Agent,X-Http-Method-Override,X-Mx-ReqToken,X-Requested-With,X-Contentful-Version,X-Contentful-Content-Type,X-Contentful-Organization,X-Contentful-Skip-Transformation,X-Contentful-User-Agent,X-Contentful-Enable-Alpha-Feature
      Access-Control-Allow-Methods:
      - DELETE,GET,HEAD,POST,PUT,OPTIONS
      Access-Control-Allow-Origin:
      - "*"
      Access-Control-Expose-Headers:
      - Etag
      Access-Control-Max-Age:
      - '1728000'
      Cache-Control:
      - max-age=0
      Cf-Organization-Id:
      - 0OmlJ4GpHFvEXjP4bQUdiW
      Cf-Space-Id:
      - y3a9myzsdjan
      Content-Type:
      - application/vnd.contentful.management.v1+json
      Contentful-Api:
      - cma
      Date:
      - Fri, 25 Jan 2019 21:32:50 GMT
      Etag:
      - W/"492c9c67669b3fa30d12ab68de398c88"
      Referrer-Policy:
      - strict-origin-when-cross-origin
      Server:
      - Contentful
      Strict-Transport-Security:
      - max-age=15768000
      X-Content-Type-Options:
      - nosniff
      X-Contentful-Ratelimit-Hour-Limit:
      - '36000'
      X-Contentful-Ratelimit-Hour-Remaining:
      - '35999'
      X-Contentful-Ratelimit-Reset:
      - '0'
      X-Contentful-Ratelimit-Second-Limit:
      - '10'
      X-Contentful-Ratelimit-Second-Remaining:
      - '9'
      X-Contentful-Request-Id:
      - c98e2aadae52a9684d0a6140c37f0a74
      X-Download-Options:
      - noopen
      X-Frame-Options:
      - ALLOWALL
      X-Permitted-Cross-Domain-Policies:
      - none
      X-Xss-Protection:
      - 1; mode=block
      Content-Length:
      - '702'
      Connection:
      - Close
      Set-Cookie:
      - incap_ses_481_673446=armeHEcooA0ch92QTtusBoKAS1wAAAAA2FODJu0tUId+gVHJhQPZ9A==;
        path=/; Domain=.contentful.com
      - nlbi_673446=BljtbA3Pykw5eB0Y6lKYhQAAAACdS6D1AQsiWRpVf8NemtOJ; path=/; Domain=.contentful.com
      - visid_incap_673446=rIEY13EeQs2IgF19UnDzroKAS1wAAAAAQUIPAAAAAAC2dxXSThI93XFcakn8T2+i;
        expires=Sat, 25 Jan 2020 09:32:23 GMT; path=/; Domain=.contentful.com
      X-Iinfo:
      - 7-123392433-123392459 NNNN CT(0 0 0) RT(1548451969916 73) q(0 0 0 -1) r(1
        1) U5
      X-Cdn:
      - Incapsula
    body:
      encoding: ASCII-8BIT
      string: |+
        {
          "name":"tmp-seed-data",
          "sys":{
            "type":"Environment",
            "id":"tmp-seed-data",
            "version":6,
            "space":{
              "sys":{
                "type":"Link",
                "linkType":"Space",
                "id":"y3a9myzsdjan"
              }
            },
            "status":{
              "sys":{
                "type":"Link",
                "linkType":"Status",
                "id":"ready"
              }
            },
            "createdBy":{
              "sys":{
                "type":"Link",
                "linkType":"User",
                "id":"7mpVTy16YTWTkVoEtxgfFe"
              }
            },
            "createdAt":"2019-01-25T17:35:22Z",
            "updatedBy":{
              "sys":{
                "type":"Link",
                "linkType":"User",
                "id":"7mpVTy16YTWTkVoEtxgfFe"
              }
            },
            "updatedAt":"2019-01-25T17:36:27Z"
          }
        }

    http_version: 
  recorded_at: Fri, 25 Jan 2019 21:32:50 GMT
- request:
    method: get
    uri: https://api.contentful.com/spaces/y3a9myzsdjan/environments/tmp-seed-data/content_types/article
    body:
      encoding: US-ASCII
      string: ''
    headers:
      X-Contentful-User-Agent:
      - sdk contentful-management.rb/2.6.0; platform ruby/2.4.3; os macOS/18;
      Authorization:
      - Bearer CFPAT-0d84f2b13a99c57711ba91ea31f308ff9436238effb99977fbc0e486c1c88a64
      Content-Type:
      - application/vnd.contentful.management.v1+json
      Connection:
      - close
      Host:
      - api.contentful.com
      User-Agent:
      - http.rb/2.2.2
  response:
    status:
      code: 200
      message: OK
    headers:
      Access-Control-Allow-Headers:
      - Accept,Accept-Language,Authorization,Cache-Control,Content-Length,Content-Range,Content-Type,DNT,Destination,Expires,If-Match,If-Modified-Since,If-None-Match,Keep-Alive,Last-Modified,Origin,Pragma,Range,User-Agent,X-Http-Method-Override,X-Mx-ReqToken,X-Requested-With,X-Contentful-Version,X-Contentful-Content-Type,X-Contentful-Organization,X-Contentful-Skip-Transformation,X-Contentful-User-Agent,X-Contentful-Enable-Alpha-Feature
      Access-Control-Allow-Methods:
      - DELETE,GET,HEAD,POST,PUT,OPTIONS
      Access-Control-Allow-Origin:
      - "*"
      Access-Control-Expose-Headers:
      - Etag
      Access-Control-Max-Age:
      - '1728000'
      Cf-Space-Id:
      - y3a9myzsdjan
      Content-Type:
      - application/vnd.contentful.management.v1+json
      Contentful-Api:
      - cma
      Date:
      - Fri, 25 Jan 2019 21:32:50 GMT
      Etag:
      - '"fd742b78bc7f74e750e9e6bfaf073ce7"'
      Server:
      - Contentful
      Strict-Transport-Security:
      - max-age=15768000
      X-Content-Type-Options:
      - nosniff
      X-Contentful-Ratelimit-Hour-Limit:
      - '36000'
      X-Contentful-Ratelimit-Hour-Remaining:
      - '35998'
      X-Contentful-Ratelimit-Reset:
      - '0'
      X-Contentful-Ratelimit-Second-Limit:
      - '10'
      X-Contentful-Ratelimit-Second-Remaining:
      - '8'
      X-Contentful-Request-Id:
      - fd8a33a579660a08ba51f1a51ad17de8
      Content-Length:
      - '4624'
      Connection:
      - Close
      Set-Cookie:
      - incap_ses_481_673446=PpVkZk7Ri2W0h92QTtusBoKAS1wAAAAAjjUKbTOl6zf41c6pZYvYnQ==;
        path=/; Domain=.contentful.com
      - nlbi_673446=voa3cI2ygkUZZG2p6lKYhQAAAADZbhMF/CGkSHiE35J6CBOW; path=/; Domain=.contentful.com
      - visid_incap_673446=cKUIiDyuR+a1CTD7D/bRJ4KAS1wAAAAAQUIPAAAAAABVFlwrNj9N6uxIC+ziHW1W;
        expires=Sat, 25 Jan 2020 09:32:23 GMT; path=/; Domain=.contentful.com
      X-Iinfo:
      - 8-175428286-175428298 NNNN CT(1 4 0) RT(1548451970081 80) q(0 0 0 -1) r(1
        1) U5
      X-Cdn:
      - Incapsula
    body:
      encoding: ASCII-8BIT
      string: |
        {
          "sys": {
            "space": {
              "sys": {
                "type": "Link",
                "linkType": "Space",
                "id": "y3a9myzsdjan"
              }
            },
            "id": "article",
            "type": "ContentType",
            "createdAt": "2018-04-14T01:18:17.863Z",
            "updatedAt": "2019-01-23T20:13:59.317Z",
            "environment": {
              "sys": {
                "id": "tmp-seed-data",
                "type": "Link",
                "linkType": "Environment"
              }
            },
            "createdBy": {
              "sys": {
                "type": "Link",
                "linkType": "User",
                "id": "7mpVTy16YTWTkVoEtxgfFe"
              }
            },
            "updatedBy": {
              "sys": {
                "type": "Link",
                "linkType": "User",
                "id": "7mpVTy16YTWTkVoEtxgfFe"
              }
            },
            "publishedCounter": 19,
            "version": 46,
            "publishedBy": {
              "sys": {
                "type": "Link",
                "linkType": "User",
                "id": "7mpVTy16YTWTkVoEtxgfFe"
              }
            },
            "publishedVersion": 45,
            "firstPublishedAt": "2018-04-14T01:18:18.135Z",
            "publishedAt": "2019-01-23T20:13:59.317Z"
          },
          "displayField": "title",
          "name": "Article",
          "description": "Long-form written content, such as a blog post",
          "fields": [
            {
              "id": "title",
              "name": "Title",
              "type": "Symbol",
              "localized": false,
              "required": true,
              "validations": [],
              "disabled": false,
              "omitted": false
            },
            {
              "id": "slug",
              "name": "Slug",
              "type": "Symbol",
              "localized": false,
              "required": true,
              "validations": [
                {
                  "unique": true
                }
              ],
              "disabled": false,
              "omitted": false
            },
            {
              "id": "body",
              "name": "Body",
              "type": "Text",
              "localized": false,
              "required": true,
              "validations": [],
              "disabled": false,
              "omitted": false
            },
            {
              "id": "image",
              "name": "Image",
              "type": "Link",
              "localized": false,
              "required": true,
              "validations": [],
              "disabled": false,
              "omitted": false,
              "linkType": "Asset"
            },
            {
              "id": "published_at",
              "name": "Published At",
              "type": "Date",
              "localized": false,
              "required": true,
              "validations": [],
              "disabled": false,
              "omitted": false
            },
            {
              "id": "author",
              "name": "Author",
              "type": "Link",
              "localized": false,
              "required": true,
              "validations": [
                {
                  "linkContentType": [
                    "author"
                  ]
                }
              ],
              "disabled": false,
              "omitted": false,
              "linkType": "Entry"
            },
            {
              "id": "category",
              "name": "Category",
              "type": "Link",
              "localized": false,
              "required": true,
              "validations": [
                {
                  "linkContentType": [
                    "category"
                  ]
                }
              ],
              "disabled": false,
              "omitted": false,
              "linkType": "Entry"
            },
            {
              "id": "tags",
              "name": "Tags",
              "type": "Array",
              "localized": false,
              "required": false,
              "validations": [],
              "disabled": false,
              "omitted": false,
              "items": {
                "type": "Link",
                "validations": [
                  {
                    "linkContentType": [
                      "tag"
                    ]
                  }
                ],
                "linkType": "Entry"
              }
            },
            {
              "id": "lead_text",
              "name": "Lead Text",
              "type": "Text",
              "localized": false,
              "required": false,
              "validations": [],
              "disabled": false,
              "omitted": false
            },
            {
              "id": "discussion",
              "name": "Discussion",
              "type": "Link",
              "localized": false,
              "required": false,
              "validations": [
                {
                  "linkContentType": [
                    "discussion"
                  ]
                }
              ],
              "disabled": false,
              "omitted": false,
              "linkType": "Entry"
            },
            {
              "id": "duration",
              "name": "Duration (seconds)",
              "type": "Number",
              "localized": false,
              "required": false,
              "validations": [],
              "disabled": false,
              "omitted": false
            },
            {
              "id": "meta",
              "name": "Meta",
              "type": "Link",
              "localized": false,
              "required": false,
              "validations": [
                {
                  "linkContentType": [
                    "meta"
                  ]
                }
              ],
              "disabled": false,
              "omitted": false,
              "linkType": "Entry"
            },
            {
              "id": "interaction_count",
              "name": "Interaction Count",
              "type": "Number",
              "localized": false,
              "required": false,
              "validations": [],
              "disabled": true,
              "omitted": false
            }
          ]
        }
    http_version: 
  recorded_at: Fri, 25 Jan 2019 21:32:50 GMT
- request:
    method: get
    uri: https://api.contentful.com/spaces/y3a9myzsdjan/environments/tmp-seed-data/assets/4Zxm0bwR9eWSiuw442WAqS
    body:
      encoding: US-ASCII
      string: ''
    headers:
      X-Contentful-User-Agent:
      - sdk contentful-management.rb/2.6.0; platform ruby/2.4.3; os macOS/18;
      Authorization:
      - Bearer CFPAT-0d84f2b13a99c57711ba91ea31f308ff9436238effb99977fbc0e486c1c88a64
      Content-Type:
      - application/vnd.contentful.management.v1+json
      Connection:
      - close
      Host:
      - api.contentful.com
      User-Agent:
      - http.rb/2.2.2
  response:
    status:
      code: 200
      message: OK
    headers:
      Access-Control-Allow-Headers:
      - Accept,Accept-Language,Authorization,Cache-Control,Content-Length,Content-Range,Content-Type,DNT,Destination,Expires,If-Match,If-Modified-Since,If-None-Match,Keep-Alive,Last-Modified,Origin,Pragma,Range,User-Agent,X-Http-Method-Override,X-Mx-ReqToken,X-Requested-With,X-Contentful-Version,X-Contentful-Content-Type,X-Contentful-Organization,X-Contentful-Skip-Transformation,X-Contentful-User-Agent,X-Contentful-Enable-Alpha-Feature
      Access-Control-Allow-Methods:
      - DELETE,GET,HEAD,POST,PUT,OPTIONS
      Access-Control-Allow-Origin:
      - "*"
      Access-Control-Expose-Headers:
      - Etag
      Access-Control-Max-Age:
      - '1728000'
      Cf-Space-Id:
      - y3a9myzsdjan
      Content-Type:
      - application/vnd.contentful.management.v1+json
      Contentful-Api:
      - cma
      Date:
      - Fri, 25 Jan 2019 21:32:50 GMT
      Etag:
      - '"d9272309eb13abaefa6005865b2c270f"'
      Server:
      - Contentful
      Strict-Transport-Security:
      - max-age=15768000
      X-Content-Type-Options:
      - nosniff
      X-Contentful-Ratelimit-Hour-Limit:
      - '36000'
      X-Contentful-Ratelimit-Hour-Remaining:
      - '35997'
      X-Contentful-Ratelimit-Reset:
      - '0'
      X-Contentful-Ratelimit-Second-Limit:
      - '10'
      X-Contentful-Ratelimit-Second-Remaining:
      - '7'
      X-Contentful-Request-Id:
      - 3d119ef5b9e91ef48df557ad305cd73e
      Content-Length:
      - '1496'
      Connection:
      - Close
      Set-Cookie:
      - incap_ses_481_673446=4XduEL05uXRFiN2QTtusBoKAS1wAAAAAytLsQoyXja1HMKgEdSreAA==;
        path=/; Domain=.contentful.com
      - nlbi_673446=cLvdOA4FlDKJ5zdn6lKYhQAAAACr0MPffZkaUUsj1pYadtov; path=/; Domain=.contentful.com
      - visid_incap_673446=B+39z/20QZmj4iLYj33PS4KAS1wAAAAAQUIPAAAAAADz8eFHYZmpQdXYzprDmtuJ;
        expires=Sat, 25 Jan 2020 09:32:23 GMT; path=/; Domain=.contentful.com
      X-Iinfo:
      - 9-221247976-221247997 NNNN CT(0 0 0) RT(1548451970307 77) q(0 0 0 -1) r(1
        1) U5
      X-Cdn:
      - Incapsula
    body:
      encoding: ASCII-8BIT
      string: |
        {
          "sys": {
            "space": {
              "sys": {
                "type": "Link",
                "linkType": "Space",
                "id": "y3a9myzsdjan"
              }
            },
            "id": "4Zxm0bwR9eWSiuw442WAqS",
            "type": "Asset",
            "createdAt": "2018-12-18T18:54:10.927Z",
            "updatedAt": "2018-12-18T18:55:03.943Z",
            "environment": {
              "sys": {
                "id": "tmp-seed-data",
                "type": "Link",
                "linkType": "Environment"
              }
            },
            "createdBy": {
              "sys": {
                "type": "Link",
                "linkType": "User",
                "id": "4hca6yy5vVghPpDdY71hOe"
              }
            },
            "updatedBy": {
              "sys": {
                "type": "Link",
                "linkType": "User",
                "id": "4hca6yy5vVghPpDdY71hOe"
              }
            },
            "publishedCounter": 1,
            "version": 19,
            "publishedBy": {
              "sys": {
                "type": "Link",
                "linkType": "User",
                "id": "4hca6yy5vVghPpDdY71hOe"
              }
            },
            "publishedVersion": 18,
            "firstPublishedAt": "2018-12-18T18:55:03.943Z",
            "publishedAt": "2018-12-18T18:55:03.943Z"
          },
          "fields": {
            "title": {
              "en-US": "A New Mind Image"
            },
            "file": {
              "en-US": {
                "url": "//images.ctfassets.net/y3a9myzsdjan/4Zxm0bwR9eWSiuw442WAqS/d74d32a9b69d38b28cddf4af118e3617/Karate_02_BW.jpg",
                "details": {
                  "size": 1219926,
                  "image": {
                    "width": 6165,
                    "height": 4619
                  }
                },
                "fileName": "Karate_02_BW.jpg",
                "contentType": "image/jpeg"
              }
            }
          }
        }
    http_version: 
  recorded_at: Fri, 25 Jan 2019 21:32:50 GMT
- request:
    method: get
    uri: https://api.contentful.com/spaces/y3a9myzsdjan/environments/tmp-seed-data/entries/gHpeahicxiSI8UWMWookw
    body:
      encoding: US-ASCII
      string: ''
    headers:
      X-Contentful-User-Agent:
      - sdk contentful-management.rb/2.6.0; platform ruby/2.4.3; os macOS/18;
      Authorization:
      - Bearer CFPAT-0d84f2b13a99c57711ba91ea31f308ff9436238effb99977fbc0e486c1c88a64
      Content-Type:
      - application/vnd.contentful.management.v1+json
      Connection:
      - close
      Host:
      - api.contentful.com
      User-Agent:
      - http.rb/2.2.2
  response:
    status:
      code: 200
      message: OK
    headers:
      Access-Control-Allow-Headers:
      - Accept,Accept-Language,Authorization,Cache-Control,Content-Length,Content-Range,Content-Type,DNT,Destination,Expires,If-Match,If-Modified-Since,If-None-Match,Keep-Alive,Last-Modified,Origin,Pragma,Range,User-Agent,X-Http-Method-Override,X-Mx-ReqToken,X-Requested-With,X-Contentful-Version,X-Contentful-Content-Type,X-Contentful-Organization,X-Contentful-Skip-Transformation,X-Contentful-User-Agent,X-Contentful-Enable-Alpha-Feature
      Access-Control-Allow-Methods:
      - DELETE,GET,HEAD,POST,PUT,OPTIONS
      Access-Control-Allow-Origin:
      - "*"
      Access-Control-Expose-Headers:
      - Etag
      Access-Control-Max-Age:
      - '1728000'
      Cf-Space-Id:
      - y3a9myzsdjan
      Content-Type:
      - application/vnd.contentful.management.v1+json
      Contentful-Api:
      - cma
      Date:
      - Fri, 25 Jan 2019 21:32:50 GMT
      Etag:
      - '"09cdc9038449efbe7f439927e37d1a04"'
      Server:
      - Contentful
      Strict-Transport-Security:
      - max-age=15768000
      X-Content-Type-Options:
      - nosniff
      X-Contentful-Ratelimit-Hour-Limit:
      - '36000'
      X-Contentful-Ratelimit-Hour-Remaining:
      - '35996'
      X-Contentful-Ratelimit-Reset:
      - '0'
      X-Contentful-Ratelimit-Second-Limit:
      - '10'
      X-Contentful-Ratelimit-Second-Remaining:
      - '6'
      X-Contentful-Request-Id:
      - da115c4fc4857c6486f78521e04a2c2a
      Content-Length:
      - '1695'
      Connection:
      - Close
      Set-Cookie:
      - incap_ses_481_673446=58ZUL7pw1SvsiN2QTtusBoKAS1wAAAAAXl6Kp+jmaDCzp7zMVn0eoA==;
        path=/; Domain=.contentful.com
      - nlbi_673446=tphBFxsWWU93vvxT6lKYhQAAAAAml2mxQ48VYsecVIo6M4bg; path=/; Domain=.contentful.com
      - visid_incap_673446=C1gTcMt3Spiy8vvVM52o9oKAS1wAAAAAQUIPAAAAAADCAore9+jVldPzYbvVTB2t;
        expires=Sat, 25 Jan 2020 09:32:23 GMT; path=/; Domain=.contentful.com
      X-Iinfo:
      - 6-60814198-60814207 NNNN CT(0 0 0) RT(1548451970509 70) q(0 0 0 -1) r(2 2)
        U5
      X-Cdn:
      - Incapsula
    body:
      encoding: ASCII-8BIT
      string: |
        {
          "sys": {
            "space": {
              "sys": {
                "type": "Link",
                "linkType": "Space",
                "id": "y3a9myzsdjan"
              }
            },
            "id": "gHpeahicxiSI8UWMWookw",
            "type": "Entry",
            "createdAt": "2018-12-20T18:11:52.810Z",
            "updatedAt": "2018-12-20T18:12:59.376Z",
            "environment": {
              "sys": {
                "id": "tmp-seed-data",
                "type": "Link",
                "linkType": "Environment"
              }
            },
            "createdBy": {
              "sys": {
                "type": "Link",
                "linkType": "User",
                "id": "3EntlsWEPnMSO9zXK3FLeG"
              }
            },
            "updatedBy": {
              "sys": {
                "type": "Link",
                "linkType": "User",
                "id": "3EntlsWEPnMSO9zXK3FLeG"
              }
            },
            "publishedCounter": 1,
            "version": 6,
            "publishedBy": {
              "sys": {
                "type": "Link",
                "linkType": "User",
                "id": "3EntlsWEPnMSO9zXK3FLeG"
              }
            },
            "publishedVersion": 5,
            "firstPublishedAt": "2018-12-20T18:12:59.376Z",
            "publishedAt": "2018-12-20T18:12:59.376Z",
            "contentType": {
              "sys": {
                "type": "Link",
                "linkType": "ContentType",
                "id": "author"
              }
            }
          },
          "fields": {
            "full_name": {
              "en-US": "Evan Maines"
            },
            "slug": {
              "en-US": "evan-maines"
            },
            "summary": {
              "en-US": "Site Director of Student Ministries for Crossroads in Richmond, KY. I want to connect people to a greater purpose rooted in a Heavenly Father- as well as find some good music and bourbon along the way."
            },
            "image": {
              "en-US": {
                "sys": {
                  "type": "Link",
                  "linkType": "Asset",
                  "id": "3ga8MIDq4Ewyu6oS8w8S42"
                }
              }
            }
          }
        }
    http_version: 
  recorded_at: Fri, 25 Jan 2019 21:32:50 GMT
- request:
    method: get
    uri: https://api.contentful.com/spaces/y3a9myzsdjan/environments/tmp-seed-data/entries/5Gti0XC6Tm0moa4WMYM0cw
    body:
      encoding: US-ASCII
      string: ''
    headers:
      X-Contentful-User-Agent:
      - sdk contentful-management.rb/2.6.0; platform ruby/2.4.3; os macOS/18;
      Authorization:
      - Bearer CFPAT-0d84f2b13a99c57711ba91ea31f308ff9436238effb99977fbc0e486c1c88a64
      Content-Type:
      - application/vnd.contentful.management.v1+json
      Connection:
      - close
      Host:
      - api.contentful.com
      User-Agent:
      - http.rb/2.2.2
  response:
    status:
      code: 200
      message: OK
    headers:
      Access-Control-Allow-Headers:
      - Accept,Accept-Language,Authorization,Cache-Control,Content-Length,Content-Range,Content-Type,DNT,Destination,Expires,If-Match,If-Modified-Since,If-None-Match,Keep-Alive,Last-Modified,Origin,Pragma,Range,User-Agent,X-Http-Method-Override,X-Mx-ReqToken,X-Requested-With,X-Contentful-Version,X-Contentful-Content-Type,X-Contentful-Organization,X-Contentful-Skip-Transformation,X-Contentful-User-Agent,X-Contentful-Enable-Alpha-Feature
      Access-Control-Allow-Methods:
      - DELETE,GET,HEAD,POST,PUT,OPTIONS
      Access-Control-Allow-Origin:
      - "*"
      Access-Control-Expose-Headers:
      - Etag
      Access-Control-Max-Age:
      - '1728000'
      Cf-Space-Id:
      - y3a9myzsdjan
      Content-Type:
      - application/vnd.contentful.management.v1+json
      Contentful-Api:
      - cma
      Date:
      - Fri, 25 Jan 2019 21:32:51 GMT
      Etag:
      - '"8c0de30c09f99c067a332b0cc1f837a1"'
      Server:
      - Contentful
      Strict-Transport-Security:
      - max-age=15768000
      X-Content-Type-Options:
      - nosniff
      X-Contentful-Ratelimit-Hour-Limit:
      - '36000'
      X-Contentful-Ratelimit-Hour-Remaining:
      - '35995'
      X-Contentful-Ratelimit-Reset:
      - '0'
      X-Contentful-Ratelimit-Second-Limit:
      - '10'
      X-Contentful-Ratelimit-Second-Remaining:
      - '5'
      X-Contentful-Request-Id:
      - 12f0d8538ba2f53b9aad8bd93cf08bf8
      Content-Length:
      - '1958'
      Connection:
      - Close
      Set-Cookie:
      - incap_ses_481_673446=c4ZHdjBnsESPid2QTtusBoOAS1wAAAAAhIuojln2upYez0LcJm1A9A==;
        path=/; Domain=.contentful.com
      - nlbi_673446=pZtkGm3XGQW1Xx9P6lKYhQAAAACXDKS6l2O503y14BPt6xEY; path=/; Domain=.contentful.com
      - visid_incap_673446=DCCuThrTTrqtNiJWKY3kZ4OAS1wAAAAAQUIPAAAAAAAy/NTVKDiSNKyRnBcaC+D/;
        expires=Sat, 25 Jan 2020 09:32:23 GMT; path=/; Domain=.contentful.com
      X-Iinfo:
      - 10-254392336-254392364 NNNN CT(0 1 0) RT(1548451970809 83) q(0 0 0 -1) r(2
        2) U5
      X-Cdn:
      - Incapsula
    body:
      encoding: ASCII-8BIT
      string: |
        {
          "sys": {
            "space": {
              "sys": {
                "type": "Link",
                "linkType": "Space",
                "id": "y3a9myzsdjan"
              }
            },
            "id": "5Gti0XC6Tm0moa4WMYM0cw",
            "type": "Entry",
            "createdAt": "2018-04-14T01:58:27.100Z",
            "updatedAt": "2018-11-29T18:06:19.531Z",
            "environment": {
              "sys": {
                "id": "tmp-seed-data",
                "type": "Link",
                "linkType": "Environment"
              }
            },
            "createdBy": {
              "sys": {
                "type": "Link",
                "linkType": "User",
                "id": "7mpVTy16YTWTkVoEtxgfFe"
              }
            },
            "updatedBy": {
              "sys": {
                "type": "Link",
                "linkType": "User",
                "id": "3EntlsWEPnMSO9zXK3FLeG"
              }
            },
            "publishedCounter": 4,
            "version": 64,
            "publishedBy": {
              "sys": {
                "type": "Link",
                "linkType": "User",
                "id": "3EntlsWEPnMSO9zXK3FLeG"
              }
            },
            "publishedVersion": 63,
            "firstPublishedAt": "2018-04-14T02:00:59.282Z",
            "publishedAt": "2018-11-29T18:06:19.531Z",
            "contentType": {
              "sys": {
                "type": "Link",
                "linkType": "ContentType",
                "id": "category"
              }
            }
          },
          "fields": {
            "title": {
              "en-US": "Culture"
            },
            "slug": {
              "en-US": "culture"
            },
            "image": {
              "en-US": {
                "sys": {
                  "type": "Link",
                  "linkType": "Asset",
                  "id": "2OvGsOxo8Ews602GS0OQYA"
                }
              }
            },
            "tags": {
              "en-US": [
                {
                  "sys": {
                    "type": "Link",
                    "linkType": "Entry",
                    "id": "5IjAVv5nUc268eCI4IAuGa"
                  }
                },
                {
                  "sys": {
                    "type": "Link",
                    "linkType": "Entry",
                    "id": "6dRikeLGJa8a4smySuQkqM"
                  }
                },
                {
                  "sys": {
                    "type": "Link",
                    "linkType": "Entry",
                    "id": "16N1VuPjlS0OmScSSgcm8I"
                  }
                }
              ]
            }
          }
        }
    http_version: 
  recorded_at: Fri, 25 Jan 2019 21:32:51 GMT
- request:
    method: get
    uri: https://api.contentful.com/spaces/y3a9myzsdjan/environments/tmp-seed-data/entries/luZPICyHVQUYQYSAa6Imu
    body:
      encoding: US-ASCII
      string: ''
    headers:
      X-Contentful-User-Agent:
      - sdk contentful-management.rb/2.6.0; platform ruby/2.4.3; os macOS/18;
      Authorization:
      - Bearer CFPAT-0d84f2b13a99c57711ba91ea31f308ff9436238effb99977fbc0e486c1c88a64
      Content-Type:
      - application/vnd.contentful.management.v1+json
      Connection:
      - close
      Host:
      - api.contentful.com
      User-Agent:
      - http.rb/2.2.2
  response:
    status:
      code: 200
      message: OK
    headers:
      Access-Control-Allow-Headers:
      - Accept,Accept-Language,Authorization,Cache-Control,Content-Length,Content-Range,Content-Type,DNT,Destination,Expires,If-Match,If-Modified-Since,If-None-Match,Keep-Alive,Last-Modified,Origin,Pragma,Range,User-Agent,X-Http-Method-Override,X-Mx-ReqToken,X-Requested-With,X-Contentful-Version,X-Contentful-Content-Type,X-Contentful-Organization,X-Contentful-Skip-Transformation,X-Contentful-User-Agent,X-Contentful-Enable-Alpha-Feature
      Access-Control-Allow-Methods:
      - DELETE,GET,HEAD,POST,PUT,OPTIONS
      Access-Control-Allow-Origin:
      - "*"
      Access-Control-Expose-Headers:
      - Etag
      Access-Control-Max-Age:
      - '1728000'
      Cf-Space-Id:
      - y3a9myzsdjan
      Content-Type:
      - application/vnd.contentful.management.v1+json
      Contentful-Api:
      - cma
      Date:
      - Fri, 25 Jan 2019 21:32:51 GMT
      Etag:
      - '"8d872550aede65678763dfad9bb9eeb9"'
      Server:
      - Contentful
      Strict-Transport-Security:
      - max-age=15768000
      X-Content-Type-Options:
      - nosniff
      X-Contentful-Ratelimit-Hour-Limit:
      - '36000'
      X-Contentful-Ratelimit-Hour-Remaining:
      - '35999'
      X-Contentful-Ratelimit-Reset:
      - '0'
      X-Contentful-Ratelimit-Second-Limit:
      - '10'
      X-Contentful-Ratelimit-Second-Remaining:
      - '9'
      X-Contentful-Request-Id:
      - 2af2719cbe11f1a305f6ce761d854832
      Content-Length:
      - '1271'
      Connection:
      - Close
      Set-Cookie:
      - incap_ses_481_673446=DwJpPzg0wyw1it2QTtusBoOAS1wAAAAAYcpwCZEabvu87jEqxxZ4ZQ==;
        path=/; Domain=.contentful.com
      - nlbi_673446=iZKkExwsyWMDwtGF6lKYhQAAAAB0OdycKPtyd2eIOq2fs47T; path=/; Domain=.contentful.com
      - visid_incap_673446=eKWBNnVhT7inanwC3iR3KYOAS1wAAAAAQUIPAAAAAABhe/pxclvKxjn9HIA6KueD;
        expires=Sat, 25 Jan 2020 09:32:23 GMT; path=/; Domain=.contentful.com
      X-Iinfo:
      - 5-221453586-221453597 NNNN CT(1 1 0) RT(1548451971097 53) q(0 0 0 -1) r(1
        1) U5
      X-Cdn:
      - Incapsula
    body:
      encoding: ASCII-8BIT
      string: |
        {
          "sys": {
            "space": {
              "sys": {
                "type": "Link",
                "linkType": "Space",
                "id": "y3a9myzsdjan"
              }
            },
            "id": "luZPICyHVQUYQYSAa6Imu",
            "type": "Entry",
            "createdAt": "2018-12-23T17:21:02.946Z",
            "updatedAt": "2018-12-23T17:21:50.051Z",
            "environment": {
              "sys": {
                "id": "tmp-seed-data",
                "type": "Link",
                "linkType": "Environment"
              }
            },
            "createdBy": {
              "sys": {
                "type": "Link",
                "linkType": "User",
                "id": "3EntlsWEPnMSO9zXK3FLeG"
              }
            },
            "updatedBy": {
              "sys": {
                "type": "Link",
                "linkType": "User",
                "id": "3EntlsWEPnMSO9zXK3FLeG"
              }
            },
            "publishedCounter": 1,
            "version": 5,
            "publishedBy": {
              "sys": {
                "type": "Link",
                "linkType": "User",
                "id": "3EntlsWEPnMSO9zXK3FLeG"
              }
            },
            "publishedVersion": 4,
            "firstPublishedAt": "2018-12-23T17:21:50.051Z",
            "publishedAt": "2018-12-23T17:21:50.051Z",
            "contentType": {
              "sys": {
                "type": "Link",
                "linkType": "ContentType",
                "id": "tag"
              }
            }
          },
          "fields": {
            "title": {
              "en-US": "loneliness"
            },
            "slug": {
              "en-US": "loneliness"
            }
          }
        }
    http_version: 
  recorded_at: Fri, 25 Jan 2019 21:32:51 GMT
- request:
    method: get
    uri: https://api.contentful.com/spaces/y3a9myzsdjan/environments/tmp-seed-data/entries/1JWjoImLpWAeWMCWI2WOaM
    body:
      encoding: US-ASCII
      string: ''
    headers:
      X-Contentful-User-Agent:
      - sdk contentful-management.rb/2.6.0; platform ruby/2.4.3; os macOS/18;
      Authorization:
      - Bearer CFPAT-0d84f2b13a99c57711ba91ea31f308ff9436238effb99977fbc0e486c1c88a64
      Content-Type:
      - application/vnd.contentful.management.v1+json
      Connection:
      - close
      Host:
      - api.contentful.com
      User-Agent:
      - http.rb/2.2.2
  response:
    status:
      code: 200
      message: OK
    headers:
      Access-Control-Allow-Headers:
      - Accept,Accept-Language,Authorization,Cache-Control,Content-Length,Content-Range,Content-Type,DNT,Destination,Expires,If-Match,If-Modified-Since,If-None-Match,Keep-Alive,Last-Modified,Origin,Pragma,Range,User-Agent,X-Http-Method-Override,X-Mx-ReqToken,X-Requested-With,X-Contentful-Version,X-Contentful-Content-Type,X-Contentful-Organization,X-Contentful-Skip-Transformation,X-Contentful-User-Agent,X-Contentful-Enable-Alpha-Feature
      Access-Control-Allow-Methods:
      - DELETE,GET,HEAD,POST,PUT,OPTIONS
      Access-Control-Allow-Origin:
      - "*"
      Access-Control-Expose-Headers:
      - Etag
      Access-Control-Max-Age:
      - '1728000'
      Cf-Space-Id:
      - y3a9myzsdjan
      Content-Type:
      - application/vnd.contentful.management.v1+json
      Contentful-Api:
      - cma
      Date:
      - Fri, 25 Jan 2019 21:32:51 GMT
      Etag:
      - '"91ab7021e644d0d04f02bc70c10afd7f"'
      Server:
      - Contentful
      Strict-Transport-Security:
      - max-age=15768000
      X-Content-Type-Options:
      - nosniff
      X-Contentful-Ratelimit-Hour-Limit:
      - '36000'
      X-Contentful-Ratelimit-Hour-Remaining:
      - '35998'
      X-Contentful-Ratelimit-Reset:
      - '0'
      X-Contentful-Ratelimit-Second-Limit:
      - '10'
      X-Contentful-Ratelimit-Second-Remaining:
      - '8'
      X-Contentful-Request-Id:
      - 84f40117625af5d4630b390e24110f97
      Content-Length:
      - '1270'
      Connection:
      - Close
      Set-Cookie:
      - incap_ses_481_673446=vKSnVLhM+QPtit2QTtusBoOAS1wAAAAAzRl8bbOqotK5LYeWJFOt/A==;
        path=/; Domain=.contentful.com
      - nlbi_673446=ZGikEEW/BwBnnU9q6lKYhQAAAACeHIwCfIOr/jEbzOCHo38S; path=/; Domain=.contentful.com
      - visid_incap_673446=CxbwQj5qRquvWEYTg1LuR4OAS1wAAAAAQUIPAAAAAAB8Di1HtP//FY4kwpHeVphI;
        expires=Sat, 25 Jan 2020 09:32:23 GMT; path=/; Domain=.contentful.com
      X-Iinfo:
      - 9-221248098-221248106 NNNN CT(0 1 0) RT(1548451971303 55) q(0 0 0 -1) r(2
        2) U5
      X-Cdn:
      - Incapsula
    body:
      encoding: ASCII-8BIT
      string: |
        {
          "sys": {
            "space": {
              "sys": {
                "type": "Link",
                "linkType": "Space",
                "id": "y3a9myzsdjan"
              }
            },
            "id": "1JWjoImLpWAeWMCWI2WOaM",
            "type": "Entry",
            "createdAt": "2018-12-20T17:19:21.429Z",
            "updatedAt": "2018-12-20T17:19:47.535Z",
            "environment": {
              "sys": {
                "id": "tmp-seed-data",
                "type": "Link",
                "linkType": "Environment"
              }
            },
            "createdBy": {
              "sys": {
                "type": "Link",
                "linkType": "User",
                "id": "3EntlsWEPnMSO9zXK3FLeG"
              }
            },
            "updatedBy": {
              "sys": {
                "type": "Link",
                "linkType": "User",
                "id": "3EntlsWEPnMSO9zXK3FLeG"
              }
            },
            "publishedCounter": 1,
            "version": 4,
            "publishedBy": {
              "sys": {
                "type": "Link",
                "linkType": "User",
                "id": "3EntlsWEPnMSO9zXK3FLeG"
              }
            },
            "publishedVersion": 3,
            "firstPublishedAt": "2018-12-20T17:19:47.535Z",
            "publishedAt": "2018-12-20T17:19:47.535Z",
            "contentType": {
              "sys": {
                "type": "Link",
                "linkType": "ContentType",
                "id": "tag"
              }
            }
          },
          "fields": {
            "title": {
              "en-US": "diversity"
            },
            "slug": {
              "en-US": "diversity"
            }
          }
        }
    http_version: 
  recorded_at: Fri, 25 Jan 2019 21:32:51 GMT
- request:
    method: get
    uri: https://api.contentful.com/spaces/y3a9myzsdjan/environments/tmp-seed-data/entries/31xMlxGaBWKw0aYK2ESgQA
    body:
      encoding: US-ASCII
      string: ''
    headers:
      X-Contentful-User-Agent:
      - sdk contentful-management.rb/2.6.0; platform ruby/2.4.3; os macOS/18;
      Authorization:
      - Bearer CFPAT-0d84f2b13a99c57711ba91ea31f308ff9436238effb99977fbc0e486c1c88a64
      Content-Type:
      - application/vnd.contentful.management.v1+json
      Connection:
      - close
      Host:
      - api.contentful.com
      User-Agent:
      - http.rb/2.2.2
  response:
    status:
      code: 200
      message: OK
    headers:
      Access-Control-Allow-Headers:
      - Accept,Accept-Language,Authorization,Cache-Control,Content-Length,Content-Range,Content-Type,DNT,Destination,Expires,If-Match,If-Modified-Since,If-None-Match,Keep-Alive,Last-Modified,Origin,Pragma,Range,User-Agent,X-Http-Method-Override,X-Mx-ReqToken,X-Requested-With,X-Contentful-Version,X-Contentful-Content-Type,X-Contentful-Organization,X-Contentful-Skip-Transformation,X-Contentful-User-Agent,X-Contentful-Enable-Alpha-Feature
      Access-Control-Allow-Methods:
      - DELETE,GET,HEAD,POST,PUT,OPTIONS
      Access-Control-Allow-Origin:
      - "*"
      Access-Control-Expose-Headers:
      - Etag
      Access-Control-Max-Age:
      - '1728000'
      Cf-Space-Id:
      - y3a9myzsdjan
      Content-Type:
      - application/vnd.contentful.management.v1+json
      Contentful-Api:
      - cma
      Date:
      - Fri, 25 Jan 2019 21:32:51 GMT
      Etag:
      - '"ab2ee6f39690436b826df345e096dd0e"'
      Server:
      - Contentful
      Strict-Transport-Security:
      - max-age=15768000
      X-Content-Type-Options:
      - nosniff
      X-Contentful-Ratelimit-Hour-Limit:
      - '36000'
      X-Contentful-Ratelimit-Hour-Remaining:
      - '35997'
      X-Contentful-Ratelimit-Reset:
      - '0'
      X-Contentful-Ratelimit-Second-Limit:
      - '10'
      X-Contentful-Ratelimit-Second-Remaining:
      - '7'
      X-Contentful-Request-Id:
      - 1e23d32fedfb51304ba6df5b04235b80
      Content-Length:
      - '1262'
      Connection:
      - Close
      Set-Cookie:
      - incap_ses_481_673446=5o2nCQVEUDmCi92QTtusBoOAS1wAAAAAKEOTUgeW1FNBMvcazHtnbg==;
        path=/; Domain=.contentful.com
      - nlbi_673446=0WxBdI7xmj2Yea2o6lKYhQAAAAACW2XLqby+3wbPH5C4y0HA; path=/; Domain=.contentful.com
      - visid_incap_673446=tS2OH6hiQiOGEIFi91lMIoOAS1wAAAAAQUIPAAAAAADtWhSp9ySWcp2nVc4aeJDl;
        expires=Sat, 25 Jan 2020 09:32:23 GMT; path=/; Domain=.contentful.com
      X-Iinfo:
      - 3-166433948-166433957 NNNN CT(1 1 0) RT(1548451971611 69) q(0 0 0 -1) r(1
        1) U5
      X-Cdn:
      - Incapsula
    body:
      encoding: ASCII-8BIT
      string: |
        {
          "sys": {
            "space": {
              "sys": {
                "type": "Link",
                "linkType": "Space",
                "id": "y3a9myzsdjan"
              }
            },
            "id": "31xMlxGaBWKw0aYK2ESgQA",
            "type": "Entry",
            "createdAt": "2018-12-20T15:12:27.157Z",
            "updatedAt": "2018-12-20T15:12:31.427Z",
            "environment": {
              "sys": {
                "id": "tmp-seed-data",
                "type": "Link",
                "linkType": "Environment"
              }
            },
            "createdBy": {
              "sys": {
                "type": "Link",
                "linkType": "User",
                "id": "3EntlsWEPnMSO9zXK3FLeG"
              }
            },
            "updatedBy": {
              "sys": {
                "type": "Link",
                "linkType": "User",
                "id": "3EntlsWEPnMSO9zXK3FLeG"
              }
            },
            "publishedCounter": 1,
            "version": 5,
            "publishedBy": {
              "sys": {
                "type": "Link",
                "linkType": "User",
                "id": "3EntlsWEPnMSO9zXK3FLeG"
              }
            },
            "publishedVersion": 4,
            "firstPublishedAt": "2018-12-20T15:12:31.427Z",
            "publishedAt": "2018-12-20T15:12:31.427Z",
            "contentType": {
              "sys": {
                "type": "Link",
                "linkType": "ContentType",
                "id": "tag"
              }
            }
          },
          "fields": {
            "title": {
              "en-US": "faith"
            },
            "slug": {
              "en-US": "faith"
            }
          }
        }
    http_version: 
  recorded_at: Fri, 25 Jan 2019 21:32:51 GMT
- request:
    method: post
    uri: https://api.contentful.com/spaces/y3a9myzsdjan/environments/tmp-seed-data/entries
    body:
      encoding: UTF-8
      string: '{"fields":{"title":{"en-US":"Article Title"},"slug":{"en-US":"62f5c0aeed38e4c8749456568906921542fe5341153ef31a"},"image":{"en-US":{"sys":{"type":"Link","linkType":"Asset","id":"4Zxm0bwR9eWSiuw442WAqS"}}},"author":{"en-US":{"sys":{"type":"Link","linkType":"Entry","id":"gHpeahicxiSI8UWMWookw"}}},"category":{"en-US":{"sys":{"type":"Link","linkType":"Entry","id":"5Gti0XC6Tm0moa4WMYM0cw"}}},"published_at":{"en-US":"2019-01-01"},"tags":{"en-US":[{"sys":{"type":"Link","linkType":"Entry","id":"luZPICyHVQUYQYSAa6Imu"}},{"sys":{"type":"Link","linkType":"Entry","id":"1JWjoImLpWAeWMCWI2WOaM"}},{"sys":{"type":"Link","linkType":"Entry","id":"31xMlxGaBWKw0aYK2ESgQA"}}]},"body":{"en-US":"This
        is the body\n\n---\n\nAnd it has a newline."}}}'
    headers:
      X-Contentful-User-Agent:
      - sdk contentful-management.rb/2.6.0; platform ruby/2.4.3; os macOS/18;
      Authorization:
      - Bearer CFPAT-0d84f2b13a99c57711ba91ea31f308ff9436238effb99977fbc0e486c1c88a64
      Content-Type:
      - application/vnd.contentful.management.v1+json
      X-Contentful-Content-Type:
      - article
      Content-Type-Id:
      - article
      Connection:
      - close
      Host:
      - api.contentful.com
      User-Agent:
      - http.rb/2.2.2
  response:
    status:
      code: 201
      message: Created
    headers:
      Access-Control-Allow-Headers:
      - Accept,Accept-Language,Authorization,Cache-Control,Content-Length,Content-Range,Content-Type,DNT,Destination,Expires,If-Match,If-Modified-Since,If-None-Match,Keep-Alive,Last-Modified,Origin,Pragma,Range,User-Agent,X-Http-Method-Override,X-Mx-ReqToken,X-Requested-With,X-Contentful-Version,X-Contentful-Content-Type,X-Contentful-Organization,X-Contentful-Skip-Transformation,X-Contentful-User-Agent,X-Contentful-Enable-Alpha-Feature
      Access-Control-Allow-Methods:
      - DELETE,GET,HEAD,POST,PUT,OPTIONS
      Access-Control-Allow-Origin:
      - "*"
      Access-Control-Expose-Headers:
      - Etag
      Access-Control-Max-Age:
      - '1728000'
      Cf-Space-Id:
      - y3a9myzsdjan
      Content-Type:
      - application/vnd.contentful.management.v1+json
      Contentful-Api:
      - cma
      Date:
      - Fri, 25 Jan 2019 21:32:52 GMT
      Etag:
      - '"fd56699db6478ccfdb5a4e97f3425d3e"'
      Server:
      - Contentful
      Strict-Transport-Security:
      - max-age=15768000
      X-Content-Type-Options:
      - nosniff
      X-Contentful-Ratelimit-Hour-Limit:
      - '36000'
      X-Contentful-Ratelimit-Hour-Remaining:
      - '35999'
      X-Contentful-Ratelimit-Reset:
      - '0'
      X-Contentful-Ratelimit-Second-Limit:
      - '10'
      X-Contentful-Ratelimit-Second-Remaining:
      - '9'
      X-Contentful-Request-Id:
      - 805b8183319f17cd6f7843424b8b6fe0
      Content-Length:
      - '2197'
      Connection:
      - Close
      Set-Cookie:
      - incap_ses_481_673446=Zn+3djXk5WNhjN2QTtusBoSAS1wAAAAAlNujllfD7Em2qx05ICwArQ==;
        path=/; Domain=.contentful.com
      - nlbi_673446=ApOqIFmZYUr4sN6C6lKYhQAAAACMHIqRNvE8U87PZta65Hqd; path=/; Domain=.contentful.com
      - visid_incap_673446=8d3rIz6yTsuMkaTtfx3yQYSAS1wAAAAAQUIPAAAAAACXBRbRES0ZCE6E48fmIbDX;
        expires=Sat, 25 Jan 2020 09:32:23 GMT; path=/; Domain=.contentful.com
      X-Iinfo:
      - 3-166433981-166433994 NNNN CT(0 0 0) RT(1548451971847 76) q(0 0 0 -1) r(1
        1) U5
      X-Cdn:
      - Incapsula
    body:
      encoding: ASCII-8BIT
      string: |
        {
          "sys": {
            "space": {
              "sys": {
                "type": "Link",
                "linkType": "Space",
                "id": "y3a9myzsdjan"
              }
            },
            "id": "4BNsrKi2GZ1YBJzQizf45p",
            "type": "Entry",
            "createdAt": "2019-01-25T21:32:52.095Z",
            "updatedAt": "2019-01-25T21:32:52.095Z",
            "environment": {
              "sys": {
                "id": "tmp-seed-data",
                "type": "Link",
                "linkType": "Environment"
              }
            },
            "createdBy": {
              "sys": {
                "type": "Link",
                "linkType": "User",
                "id": "7mpVTy16YTWTkVoEtxgfFe"
              }
            },
            "updatedBy": {
              "sys": {
                "type": "Link",
                "linkType": "User",
                "id": "7mpVTy16YTWTkVoEtxgfFe"
              }
            },
            "version": 1,
            "contentType": {
              "sys": {
                "type": "Link",
                "linkType": "ContentType",
                "id": "article"
              }
            }
          },
          "fields": {
            "title": {
              "en-US": "Article Title"
            },
            "slug": {
              "en-US": "62f5c0aeed38e4c8749456568906921542fe5341153ef31a"
            },
            "body": {
              "en-US": "This is the body\n\n---\n\nAnd it has a newline."
            },
            "image": {
              "en-US": {
                "sys": {
                  "type": "Link",
                  "linkType": "Asset",
                  "id": "4Zxm0bwR9eWSiuw442WAqS"
                }
              }
            },
            "published_at": {
              "en-US": "2019-01-01"
            },
            "author": {
              "en-US": {
                "sys": {
                  "type": "Link",
                  "linkType": "Entry",
                  "id": "gHpeahicxiSI8UWMWookw"
                }
              }
            },
            "category": {
              "en-US": {
                "sys": {
                  "type": "Link",
                  "linkType": "Entry",
                  "id": "5Gti0XC6Tm0moa4WMYM0cw"
                }
              }
            },
            "tags": {
              "en-US": [
                {
                  "sys": {
                    "type": "Link",
                    "linkType": "Entry",
                    "id": "luZPICyHVQUYQYSAa6Imu"
                  }
                },
                {
                  "sys": {
                    "type": "Link",
                    "linkType": "Entry",
                    "id": "1JWjoImLpWAeWMCWI2WOaM"
                  }
                },
                {
                  "sys": {
                    "type": "Link",
                    "linkType": "Entry",
                    "id": "31xMlxGaBWKw0aYK2ESgQA"
                  }
                }
              ]
            }
          }
        }
    http_version: 
  recorded_at: Fri, 25 Jan 2019 21:32:52 GMT
- request:
    method: put
    uri: https://api.contentful.com/spaces/y3a9myzsdjan/environments/tmp-seed-data/entries/4BNsrKi2GZ1YBJzQizf45p/published
    body:
      encoding: US-ASCII
      string: ''
    headers:
      X-Contentful-User-Agent:
      - sdk contentful-management.rb/2.6.0; platform ruby/2.4.3; os macOS/18;
      Authorization:
      - Bearer CFPAT-0d84f2b13a99c57711ba91ea31f308ff9436238effb99977fbc0e486c1c88a64
      Content-Type:
      - application/vnd.contentful.management.v1+json
      X-Contentful-Version:
      - '1'
      Version:
      - '1'
      Connection:
      - close
      Host:
      - api.contentful.com
      User-Agent:
      - http.rb/2.2.2
  response:
    status:
      code: 200
      message: OK
    headers:
      Access-Control-Allow-Headers:
      - Accept,Accept-Language,Authorization,Cache-Control,Content-Length,Content-Range,Content-Type,DNT,Destination,Expires,If-Match,If-Modified-Since,If-None-Match,Keep-Alive,Last-Modified,Origin,Pragma,Range,User-Agent,X-Http-Method-Override,X-Mx-ReqToken,X-Requested-With,X-Contentful-Version,X-Contentful-Content-Type,X-Contentful-Organization,X-Contentful-Skip-Transformation,X-Contentful-User-Agent,X-Contentful-Enable-Alpha-Feature
      Access-Control-Allow-Methods:
      - DELETE,GET,HEAD,POST,PUT,OPTIONS
      Access-Control-Allow-Origin:
      - "*"
      Access-Control-Expose-Headers:
      - Etag
      Access-Control-Max-Age:
      - '1728000'
      Cf-Space-Id:
      - y3a9myzsdjan
      Content-Type:
      - application/vnd.contentful.management.v1+json
      Contentful-Api:
      - cma
      Date:
      - Fri, 25 Jan 2019 21:32:52 GMT
      Etag:
      - '"ec3f90aa16a932f559b45b7c25a5f350"'
      Server:
      - Contentful
      Strict-Transport-Security:
      - max-age=15768000
      X-Content-Type-Options:
      - nosniff
      X-Contentful-Ratelimit-Hour-Limit:
      - '36000'
      X-Contentful-Ratelimit-Hour-Remaining:
      - '35998'
      X-Contentful-Ratelimit-Reset:
      - '0'
      X-Contentful-Ratelimit-Second-Limit:
      - '10'
      X-Contentful-Ratelimit-Second-Remaining:
      - '8'
      X-Contentful-Request-Id:
      - 960fa02e4be8a0f9270699b294d958a9
      Content-Length:
      - '2492'
      Connection:
      - Close
      Set-Cookie:
      - incap_ses_481_673446=vw/fCFi3a3aFjd2QTtusBoSAS1wAAAAA1e51zvjjI57OSXk7cEK5XA==;
        path=/; Domain=.contentful.com
      - nlbi_673446=Ds6JKk5j+ntyi/iT6lKYhQAAAAB6QgYkXK8IA12mjZkX9qYL; path=/; Domain=.contentful.com
      - visid_incap_673446=9Q2p5RrkQdWuTLNZinweooSAS1wAAAAAQUIPAAAAAAAr2m6TIgApSjhgI6CC5zOL;
        expires=Sat, 25 Jan 2020 09:32:23 GMT; path=/; Domain=.contentful.com
      X-Iinfo:
      - 5-221453845-221453860 NNNN CT(0 6 0) RT(1548451972172 86) q(0 0 0 -1) r(3
        3) U5
      X-Cdn:
      - Incapsula
    body:
      encoding: ASCII-8BIT
      string: |
        {
          "sys": {
            "space": {
              "sys": {
                "type": "Link",
                "linkType": "Space",
                "id": "y3a9myzsdjan"
              }
            },
            "id": "4BNsrKi2GZ1YBJzQizf45p",
            "type": "Entry",
            "createdAt": "2019-01-25T21:32:52.095Z",
            "updatedAt": "2019-01-25T21:32:52.497Z",
            "environment": {
              "sys": {
                "id": "tmp-seed-data",
                "type": "Link",
                "linkType": "Environment"
              }
            },
            "createdBy": {
              "sys": {
                "type": "Link",
                "linkType": "User",
                "id": "7mpVTy16YTWTkVoEtxgfFe"
              }
            },
            "updatedBy": {
              "sys": {
                "type": "Link",
                "linkType": "User",
                "id": "7mpVTy16YTWTkVoEtxgfFe"
              }
            },
            "publishedCounter": 1,
            "version": 2,
            "publishedBy": {
              "sys": {
                "type": "Link",
                "linkType": "User",
                "id": "7mpVTy16YTWTkVoEtxgfFe"
              }
            },
            "publishedVersion": 1,
            "firstPublishedAt": "2019-01-25T21:32:52.497Z",
            "publishedAt": "2019-01-25T21:32:52.497Z",
            "contentType": {
              "sys": {
                "type": "Link",
                "linkType": "ContentType",
                "id": "article"
              }
            }
          },
          "fields": {
            "title": {
              "en-US": "Article Title"
            },
            "slug": {
              "en-US": "62f5c0aeed38e4c8749456568906921542fe5341153ef31a"
            },
            "body": {
              "en-US": "This is the body\n\n---\n\nAnd it has a newline."
            },
            "image": {
              "en-US": {
                "sys": {
                  "type": "Link",
                  "linkType": "Asset",
                  "id": "4Zxm0bwR9eWSiuw442WAqS"
                }
              }
            },
            "published_at": {
              "en-US": "2019-01-01"
            },
            "author": {
              "en-US": {
                "sys": {
                  "type": "Link",
                  "linkType": "Entry",
                  "id": "gHpeahicxiSI8UWMWookw"
                }
              }
            },
            "category": {
              "en-US": {
                "sys": {
                  "type": "Link",
                  "linkType": "Entry",
                  "id": "5Gti0XC6Tm0moa4WMYM0cw"
                }
              }
            },
            "tags": {
              "en-US": [
                {
                  "sys": {
                    "type": "Link",
                    "linkType": "Entry",
                    "id": "luZPICyHVQUYQYSAa6Imu"
                  }
                },
                {
                  "sys": {
                    "type": "Link",
                    "linkType": "Entry",
                    "id": "1JWjoImLpWAeWMCWI2WOaM"
                  }
                },
                {
                  "sys": {
                    "type": "Link",
                    "linkType": "Entry",
                    "id": "31xMlxGaBWKw0aYK2ESgQA"
                  }
                }
              ]
            }
          }
        }
    http_version: 
  recorded_at: Fri, 25 Jan 2019 21:32:52 GMT
recorded_with: VCR 4.0.0
